// Jest Snapshot v1, https://goo.gl/fbAQLP

exports[`Pruebas en <TodoApp /> should de mostrarse correctamente 1`] = `
<Fragment>
  <h1>
    TodoApp ( 
    0
     )
  </h1>
  <hr />
  <div
    className="row"
  >
    <div
      className="col-7"
    >
      <TodoList
        handleDelete={[Function]}
        handleToggle={[Function]}
        todos={Array []}
      />
    </div>
    <div
      className="col5"
    >
      <TodoAdd
        handleAddTodo={[Function]}
      />
    </div>
  </div>
</Fragment>
`;
