// Jest Snapshot v1, https://goo.gl/fbAQLP

exports[`Pruebas en el componente HookApp should Mostrar el componente correcto 1`] = `
<div>
  <h1>
    Hola Mundo
  </h1>
</div>
`;
