// Jest Snapshot v1, https://goo.gl/fbAQLP

exports[`Pruebas en AppRouter should de omostrarse correctamente 1`] = `
<div>
  <nav
    className="navbar navbar-expand-sm navbar-dark bg-dark"
  >
    <a
      className="navbar-brand"
      href="/"
      onClick={[Function]}
    >
      useContext
    </a>
    <div
      className="collapse navbar-collapse"
      id="navbarNavAltMarkup"
    >
      <div
        className="navbar-nav"
      >
        <a
          aria-current="page"
          className="nav-link navData => navData.isActive && 'active' active"
          href="/"
          onClick={[Function]}
        >
          Home
        </a>
        <a
          className="nav-link isActive => isActive && 'active'"
          href="/about"
          onClick={[Function]}
        >
          About
        </a>
        <a
          className="nav-link isActive => isActive && 'active'"
          href="/login"
          onClick={[Function]}
        >
          Login
        </a>
      </div>
    </div>
  </nav>
  <div
    className="container"
  >
    <div>
      <h1>
        HomeScreen
      </h1>
      <hr />
      <pre>
        {
   "name": "Jose",
   "email": "jganchozo@outlook.com"
}
      </pre>
    </div>
  </div>
</div>
`;
