// Jest Snapshot v1, https://goo.gl/fbAQLP

exports[`Pruebas en LoginScreen should devolver el componente correcto 1`] = `
Array [
  <div>
    <h1>
      LoginScreen
    </h1>
    <hr />
    <button
      className="btn btn-primary"
      onClick={[Function]}
    >
      Login
    </button>
  </div>,
  " );",
]
`;
